Microchip MPLAB XC8 Compiler V2.05 ()

Linker command line:

-W-3 --edf=C:\Program Files (x86)\Microchip\xc8\v2.05\pic\dat\en_msgs.txt \
  -cs -h+dist/default/production\hx711_lib_simple.X.production.sym \
  --cmf=dist/default/production\hx711_lib_simple.X.production.cmf -z \
  -Q16F1619 -oC:\Users\Raphael\AppData\Local\Temp\s9ho.2 \
  --defsym=__MPLAB_BUILD=1 \
  -Mdist/default/production/hx711_lib_simple.X.production.map -E1 -ver=XC8 \
  --acfsm=1493 -ASTACK=020DCh-023EFh -pstack=STACK -ACODE=00h-07FFhx4 \
  -ASTRCODE=00h-01FFFh -ASTRING=00h-0FFhx32 -ACONST=00h-0FFhx32 \
  -AENTRY=00h-0FFhx32 -ACOMMON=070h-07Fh -ABANK0=020h-06Fh \
  -ABANK1=0A0h-0EFh -ABANK2=0120h-016Fh -ABANK3=01A0h-01EFh \
  -ABANK4=0220h-026Fh -ABANK5=02A0h-02EFh -ABANK6=0320h-036Fh \
  -ABANK7=03A0h-03EFh -ABANK8=0420h-046Fh -ABANK9=04A0h-04EFh \
  -ABANK10=0520h-056Fh -ABANK11=05A0h-05EFh -ABANK12=0620h-064Fh \
  -ABIGRAM=02000h-023EFh \
  -ARAM=020h-06Fh,0A0h-0EFh,0120h-016Fh,01A0h-01EFh,0220h-026Fh,02A0h-02EFh,0320h-036Fh,03A0h-03EFh,0420h-046Fh,04A0h-04EFh,0520h-056Fh,05A0h-05EFh,0620h-064Fh \
  -AABS1=020h-07Fh,0A0h-0EFh,0120h-016Fh,01A0h-01EFh,0220h-026Fh,02A0h-02EFh,0320h-036Fh,03A0h-03EFh,0420h-046Fh,04A0h-04EFh,0520h-056Fh,05A0h-05EFh,0620h-064Fh \
  -ASFR0=00h-01Fh -ASFR1=080h-09Fh -ASFR2=0100h-011Fh -ASFR3=0180h-019Fh \
  -ASFR4=0200h-021Fh -ASFR5=0280h-029Fh -ASFR6=0300h-031Fh \
  -ASFR7=0380h-039Fh -ASFR8=0400h-041Fh -ASFR9=0480h-049Fh \
  -ASFR10=0500h-051Fh -ASFR11=0580h-059Fh -ASFR12=0600h-061Fh \
  -ASFR13=0680h-06EFh -ASFR14=0700h-076Fh -ASFR15=0780h-07EFh \
  -ASFR16=0800h-086Fh -ASFR17=0880h-08EFh -ASFR18=0900h-096Fh \
  -ASFR19=0980h-09EFh -ASFR20=0A00h-0A6Fh -ASFR21=0A80h-0AEFh \
  -ASFR22=0B00h-0B6Fh -ASFR23=0B80h-0BEFh -ASFR24=0C00h-0C6Fh \
  -ASFR25=0C80h-0CEFh -ASFR26=0D00h-0D6Fh -ASFR27=0D80h-0DEFh \
  -ASFR28=0E00h-0E6Fh -ASFR29=0E80h-0EEFh -ASFR30=0F00h-0F6Fh \
  -ASFR31=0F80h-0FEFh -preset_vec=00h,intentry,init,end_init -ppowerup=CODE \
  -pcinit=CODE -pfunctab=ENTRY -ACONFIG=08007h-08009h -pconfig=CONFIG \
  -DCONFIG=2 -AIDLOC=08000h-08003h -pidloc=IDLOC -DIDLOC=2 -DCODE=2 \
  -DSTRCODE=2 -DSTRING=2 -DCONST=2 -DENTRY=2 -k \
  C:\Users\Raphael\AppData\Local\Temp\s9ho.o \
  dist/default/production\hx711_lib_simple.X.production.o 

Object code version is 3.11

Machine type is 16F1619



                Name                               Link     Load   Length Selector   Space Scale
C:\Users\Raphael\AppData\Local\Temp\s9ho.o
                end_init                              2        2        2        0       0
                reset_vec                             0        0        2        0       0
                config                             8007     8007        3    1000E       0
dist/default/production\hx711_lib_simple.X.production.o
                cinit                               7E4      7E4       1C      FC8       0
                text4_split_1                       C84      C84      37C     1908       0
                text44                             1DAE     1DAE        A     3B5C       0
                text43                             116A     116A       5D     22D4       0
                text42                              876      876      1E2     10EC       0
                text41                             1505     1505      17A     2A0A       0
                text40                             1338     1338       96     2670       0
                text39                             12A8     12A8       90     2550       0
                text38                             1F0E     1F0E       35     3E1C       0
                text37                             1F43     1F43       39     3E86       0
                text36                             1F7C     1F7C       41     3EF8       0
                text35                             1D80     1D80        7     3B00       0
                text34                             1DB8     1DB8        A     3B70       0
                text33                             1DC2     1DC2       11     3B84       0
                text32                             11C7     11C7       66     238E       0
                text31                             1EA6     1EA6       34     3D4C       0
                text30                             1D74     1D74        6     3AE8       0
                text29                             1D7A     1D7A        6     3AF4       0
                text28                             1000     1000        6     1908       0
                text27                             1E28     1E28       21     3C50       0
                text26                             1D87     1D87        7     3B0E       0
                text25                             1E75     1E75       31     3CEA       0
                text24                             1D9C     1D9C        9     3B38       0
                text23                                5        5       48        A       0
                text22                             122D     122D       7B     245A       0
                text21                             1DA5     1DA5        9     3B4A       0
                text20                             106E     106E       52     20DC       0
                text19                             1FBD     1FBD       43     3F7A       0
                text18                             1DD3     1DD3       1B     3BA6       0
                text17                             13CE     13CE       9B     279C       0
                text16                             1469     1469       9C     28D2       0
                text15                             1E09     1E09       1F     3C12       0
                text14                              A58      A58      22C     14B0       0
                text13                             1EDA     1EDA       34     3DB4       0
                text12                             1E49     1E49       2C     3C92       0
                text11                             167F     167F      181     2CFE       0
                text10                              800      800        E      FC8       0
                text9                              1D8E     1D8E        7     3B1C       0
                text8                              1D95     1D95        7     3B2A       0
                text7                              10C0     10C0       52     2180       0
                text6                              1029     1029       45     2052       0
                text5                                4D       4D      26E       9A       0
                text4                               2BB      2BB      529      576       0
                text3                              1DEE     1DEE       1B     3BDC       0
                text2                              1112     1112       58     2224       0
                text1                              1006     1006       23     200C       0
                maintext                            80E      80E       68     101C       0
                cstackBANK0                          20       20       50       20       1
                cstackCOMMON                         70       70        E       70       1
                cstackBANK1                          A0       A0       3D       A0       1
                cstackBANK2                         120      120       3A      120       1
                dataBANK1                            E7       E7        5       A0       1
                bssBANK1                             DD       DD        A       A0       1
                stringtext12                       18FB     18FB        5     3000       0
                stringtext11                       18F4     18F4        7     3000       0
                stringtext10                       18EC     18EC        8     3000       0
                stringtext9                        18C8     18C8       10     3000       0
                stringtext8                        18B6     18B6       12     3000       0
                stringtext7                        18A4     18A4       12     3000       0
                nvBANK2                             15A      15A        2      120       1
                nvBANK1                              EC       EC        4       A0       1
                stringtext6                        1868     1868       28     3000       0
                stringtext5                        18E4     18E4        8     3000       0
                stringtext4                        18D8     18D8        C     3000       0
                stringtext3                        1890     1890       14     3000       0
                stringtext2                        1834     1834       34     3000       0
                stringtext1                        1800     1800       34     3000       0
                idataBANK1                         1D6F     1D6F        5     3ADE       0

TOTAL           Name                               Link     Load   Length     Space
        CLASS   STACK          

        CLASS   CODE           
                end_init                              2        2        2         0
                cinit                               7E4      7E4       1C         0
                reset_vec                             0        0        2         0
                text4_split_1                       C84      C84      37C         0
                text44                             1DAE     1DAE        A         0
                text43                             116A     116A       5D         0
                text42                              876      876      1E2         0
                text41                             1505     1505      17A         0
                text40                             1338     1338       96         0
                text39                             12A8     12A8       90         0
                text38                             1F0E     1F0E       35         0
                text37                             1F43     1F43       39         0
                text36                             1F7C     1F7C       41         0
                text35                             1D80     1D80        7         0
                text34                             1DB8     1DB8        A         0
                text33                             1DC2     1DC2       11         0
                text32                             11C7     11C7       66         0
                text31                             1EA6     1EA6       34         0
                text30                             1D74     1D74        6         0
                text29                             1D7A     1D7A        6         0
                text28                             1000     1000        6         0
                text27                             1E28     1E28       21         0
                text26                             1D87     1D87        7         0
                text25                             1E75     1E75       31         0
                text24                             1D9C     1D9C        9         0
                text23                                5        5       48         0
                text22                             122D     122D       7B         0
                text21                             1DA5     1DA5        9         0
                text20                             106E     106E       52         0
                text19                             1FBD     1FBD       43         0
                text18                             1DD3     1DD3       1B         0
                text17                             13CE     13CE       9B         0
                text16                             1469     1469       9C         0
                text15                             1E09     1E09       1F         0
                text14                              A58      A58      22C         0
                text13                             1EDA     1EDA       34         0
                text12                             1E49     1E49       2C         0
                text11                             167F     167F      181         0
                text10                              800      800        E         0
                text9                              1D8E     1D8E        7         0
                text8                              1D95     1D95        7         0
                text7                              10C0     10C0       52         0
                text6                              1029     1029       45         0
                text5                                4D       4D      26E         0
                text4                               2BB      2BB      529         0
                text3                              1DEE     1DEE       1B         0
                text2                              1112     1112       58         0
                text1                              1006     1006       23         0
                maintext                            80E      80E       68         0
                idataBANK1                         1D6F     1D6F        5         0

        CLASS   STRCODE        
                stringtext12                       18FB     18FB        5         0
                stringtext11                       18F4     18F4        7         0
                stringtext10                       18EC     18EC        8         0
                stringtext9                        18C8     18C8       10         0
                stringtext8                        18B6     18B6       12         0
                stringtext7                        18A4     18A4       12         0
                stringtext6                        1868     1868       28         0
                stringtext5                        18E4     18E4        8         0
                stringtext4                        18D8     18D8        C         0
                stringtext3                        1890     1890       14         0
                stringtext2                        1834     1834       34         0
                stringtext1                        1800     1800       34         0

        CLASS   STRING         

        CLASS   CONST          

        CLASS   ENTRY          

        CLASS   COMMON         
                cstackCOMMON                         70       70        E         1

        CLASS   BANK0          
                cstackBANK0                          20       20       50         1

        CLASS   BANK1          
                cstackBANK1                          A0       A0       3D         1
                dataBANK1                            E7       E7        5         1
                bssBANK1                             DD       DD        A         1
                nvBANK1                              EC       EC        4         1

        CLASS   BANK2          
                cstackBANK2                         120      120       3A         1
                nvBANK2                             15A      15A        2         1

        CLASS   BANK3          

        CLASS   BANK4          

        CLASS   BANK5          

        CLASS   BANK6          

        CLASS   BANK7          

        CLASS   BANK8          

        CLASS   BANK9          

        CLASS   BANK10         

        CLASS   BANK11         

        CLASS   BANK12         

        CLASS   BIGRAM         

        CLASS   RAM            

        CLASS   ABS1           
                abs_s1                               7E       7E        2         1

        CLASS   SFR0           

        CLASS   SFR1           

        CLASS   SFR2           

        CLASS   SFR3           

        CLASS   SFR4           

        CLASS   SFR5           

        CLASS   SFR6           

        CLASS   SFR7           

        CLASS   SFR8           

        CLASS   SFR9           

        CLASS   SFR10          

        CLASS   SFR11          

        CLASS   SFR12          

        CLASS   SFR13          

        CLASS   SFR14          

        CLASS   SFR15          

        CLASS   SFR16          

        CLASS   SFR17          

        CLASS   SFR18          

        CLASS   SFR19          

        CLASS   SFR20          

        CLASS   SFR21          

        CLASS   SFR22          

        CLASS   SFR23          

        CLASS   SFR24          

        CLASS   SFR25          

        CLASS   SFR26          

        CLASS   SFR27          

        CLASS   SFR28          

        CLASS   SFR29          

        CLASS   SFR30          

        CLASS   SFR31          

        CLASS   CONFIG         
                config                             8007     8007        3         0

        CLASS   IDLOC          

        CLASS   BANK31         

        CLASS   BANK30         

        CLASS   BANK29         

        CLASS   BANK28         

        CLASS   BANK27         

        CLASS   BANK26         

        CLASS   BANK25         

        CLASS   BANK24         

        CLASS   BANK23         

        CLASS   BANK22         

        CLASS   BANK21         

        CLASS   BANK20         

        CLASS   BANK19         

        CLASS   BANK18         

        CLASS   BANK17         

        CLASS   BANK16         

        CLASS   BANK15         

        CLASS   BANK14         

        CLASS   BANK13         

        CLASS   EEDATA         



SEGMENTS        Name                           Load    Length   Top    Selector   Space  Class     Delta

                reset_vec                      000000  000004  000004         0       0  CODE        2
                text23                         000005  000048  00004D         A       0  CODE        2
                cstackBANK0                    000020  000050  000070        20       1  BANK0       1
                cstackCOMMON                   000070  00000E  00007E        70       1  COMMON      1
                text5                          00004D  00026E  0002BB        9A       0  CODE        2
                cstackBANK1                    0000A0  000050  0000F0        A0       1  BANK1       1
                cstackBANK2                    000120  00003C  00015C       120       1  BANK2       1
                text4                          0002BB  000529  0007E4       576       0  CODE        2
                cinit                          0007E4  00002A  00080E       FC8       0  CODE        2
                maintext                       00080E  000068  000876      101C       0  CODE        2
                text42                         000876  0001E2  000A58      10EC       0  CODE        2
                text14                         000A58  00022C  000C84      14B0       0  CODE        2
                text4_split_1                  000C84  000382  001006      1908       0  CODE        2
                text1                          001006  000023  001029      200C       0  CODE        2
                text6                          001029  000045  00106E      2052       0  CODE        2
                text20                         00106E  000052  0010C0      20DC       0  CODE        2
                text7                          0010C0  000052  001112      2180       0  CODE        2
                text2                          001112  000058  00116A      2224       0  CODE        2
                text43                         00116A  00005D  0011C7      22D4       0  CODE        2
                text32                         0011C7  000066  00122D      238E       0  CODE        2
                text22                         00122D  00007B  0012A8      245A       0  CODE        2
                text39                         0012A8  000090  001338      2550       0  CODE        2
                text40                         001338  000096  0013CE      2670       0  CODE        2
                text17                         0013CE  00009B  001469      279C       0  CODE        2
                text16                         001469  00009C  001505      28D2       0  CODE        2
                text41                         001505  00017A  00167F      2A0A       0  CODE        2
                text11                         00167F  000181  001800      2CFE       0  CODE        2
                stringtext1                    001800  000100  001900      3000       0  STRCODE     2
                idataBANK1                     001D6F  000005  001D74      3ADE       0  CODE        2
                text30                         001D74  000006  001D7A      3AE8       0  CODE        2
                text29                         001D7A  000006  001D80      3AF4       0  CODE        2
                text35                         001D80  000007  001D87      3B00       0  CODE        2
                text26                         001D87  000007  001D8E      3B0E       0  CODE        2
                text9                          001D8E  000007  001D95      3B1C       0  CODE        2
                text8                          001D95  000007  001D9C      3B2A       0  CODE        2
                text24                         001D9C  000009  001DA5      3B38       0  CODE        2
                text21                         001DA5  000009  001DAE      3B4A       0  CODE        2
                text44                         001DAE  00000A  001DB8      3B5C       0  CODE        2
                text34                         001DB8  00000A  001DC2      3B70       0  CODE        2
                text33                         001DC2  000011  001DD3      3B84       0  CODE        2
                text18                         001DD3  00001B  001DEE      3BA6       0  CODE        2
                text3                          001DEE  00001B  001E09      3BDC       0  CODE        2
                text15                         001E09  00001F  001E28      3C12       0  CODE        2
                text27                         001E28  000021  001E49      3C50       0  CODE        2
                text12                         001E49  00002C  001E75      3C92       0  CODE        2
                text25                         001E75  000031  001EA6      3CEA       0  CODE        2
                text31                         001EA6  000034  001EDA      3D4C       0  CODE        2
                text13                         001EDA  000034  001F0E      3DB4       0  CODE        2
                text38                         001F0E  000035  001F43      3E1C       0  CODE        2
                text37                         001F43  000039  001F7C      3E86       0  CODE        2
                text36                         001F7C  000041  001FBD      3EF8       0  CODE        2
                text19                         001FBD  000043  002000      3F7A       0  CODE        2
                config                         008007  000003  00800A     1000E       0  CONFIG      2


UNUSED ADDRESS RANGES

        Name                Unused          Largest block    Delta
        BANK10           000520-00056F               50           1
        BANK11           0005A0-0005EF               50           1
        BANK12           000620-00064F               30           1
        BANK2            00015C-00016F               14           1
        BANK3            0001A0-0001EF               50           1
        BANK4            000220-00026F               50           1
        BANK5            0002A0-0002EF               50           1
        BANK6            000320-00036F               50           1
        BANK7            0003A0-0003EF               50           1
        BANK8            000420-00046F               50           1
        BANK9            0004A0-0004EF               50           1
        BIGRAM           002000-0023EF              3F0           1
        CODE             000004-000004                1           2
                         001900-001D6E              46F
        CONST            000004-000004                1           2
                         001900-001D6E              100
        ENTRY            000004-000004                1           2
                         001900-001D6E              100
        IDLOC            008000-008003                4           2
        RAM              00015C-00016F               14           1
                         0001A0-0001EF               50
                         000220-00026F               50
                         0002A0-0002EF               50
                         000320-00036F               50
                         0003A0-0003EF               50
                         000420-00046F               50
                         0004A0-0004EF               50
                         000520-00056F               50
                         0005A0-0005EF               50
                         000620-00064F               30
        SFR0             000000-00001F               20           1
        SFR1             000080-00009F               20           1
        SFR10            000500-00051F               20           1
        SFR11            000580-00059F               20           1
        SFR12            000600-00061F               20           1
        SFR13            000680-0006EF               70           1
        SFR14            000700-00076F               70           1
        SFR15            000780-0007EF               70           1
        SFR16            000800-00086F               70           1
        SFR17            000880-0008EF               70           1
        SFR18            000900-00096F               70           1
        SFR19            000980-0009EF               70           1
        SFR2             000100-00011F               20           1
        SFR20            000A00-000A6F               70           1
        SFR21            000A80-000AEF               70           1
        SFR22            000B00-000B6F               70           1
        SFR23            000B80-000BEF               70           1
        SFR24            000C00-000C6F               70           1
        SFR25            000C80-000CEF               70           1
        SFR26            000D00-000D6F               70           1
        SFR27            000D80-000DEF               70           1
        SFR28            000E00-000E6F               70           1
        SFR29            000E80-000EEF               70           1
        SFR3             000180-00019F               20           1
        SFR30            000F00-000F6F               70           1
        SFR31            000F80-000FEF               70           1
        SFR4             000200-00021F               20           1
        SFR5             000280-00029F               20           1
        SFR6             000300-00031F               20           1
        SFR7             000380-00039F               20           1
        SFR8             000400-00041F               20           1
        SFR9             000480-00049F               20           1
        STACK            0020DC-0023EF              314           1
        STRCODE          000004-000004                1           2
                         001900-001D6E              46F
        STRING           000004-000004                1           2
                         001900-001D6E              100

                                  Symbol Table

?_HX711_get_units                              cstackBANK1  0000B3
?_HX711_get_value                              cstackBANK1  0000AE
?_HX711_read                                   cstackCOMMON 000071
?_HX711_read_average                           cstackBANK0  000065
?__Umul8_16                                    cstackCOMMON 000070
?___awdiv                                      cstackCOMMON 000077
?___awmod                                      cstackCOMMON 000070
?___fladd                                      cstackBANK0  000051
?___fldiv                                      cstackBANK0  000034
?___flmul                                      cstackBANK0  000024
?___flneg                                      cstackCOMMON 000070
?___flsub                                      cstackBANK1  0000A6
?___fltol                                      cstackBANK0  000053
?___lldiv                                      cstackCOMMON 000070
?___llmod                                      cstackBANK0  000020
?___lwdiv                                      cstackCOMMON 000076
?___lwmod                                      cstackCOMMON 000070
?___wmul                                       cstackCOMMON 000070
?___xxtofl                                     cstackCOMMON 000077
?__div_to_l_                                   cstackCOMMON 000070
?__doprnt                                      cstackBANK0  00006D
?__tdiv_to_l_                                  cstackCOMMON 000070
?_fround                                       cstackBANK0  00003E
?_printf                                       cstackBANK1  0000D1
?_scale                                        cstackBANK0  00003E
?_sprintf                                      cstackBANK1  0000D1
EUSART_SetErrorHandler@interruptHandler        cstackCOMMON 000070
EUSART_SetFramingErrorHandler@interruptHandler cstackCOMMON 000070
EUSART_SetOverrunErrorHandler@interruptHandler cstackCOMMON 000070
EUSART_Write@txData                            cstackCOMMON 000070
HX711_get_units@times                          cstackBANK1  0000BC
HX711_get_value@times                          cstackBANK0  00006D
HX711_read@i                                   cstackBANK0  000024
HX711_read@value                               cstackBANK0  000026
HX711_read@value_32aux                         cstackBANK0  000020
HX711_read_average@i                           cstackBANK1  0000A0
HX711_read_average@sum                         cstackBANK1  0000A2
HX711_read_average@times                       cstackBANK1  0000A1
HX711_set_offset@offset                        cstackBANK0  00005E
HX711_set_scale@scale                          cstackCOMMON 000070
HX711_tare@sum                                 cstackBANK1  0000A6
HX711_tare@times                               cstackBANK1  0000AA
_ANSELA                                        (abs)        00018C
_ANSELB                                        (abs)        00018D
_ANSELC                                        (abs)        00018E
_BAUD1CON                                      (abs)        00019F
_BORCON                                        (abs)        000116
_EUSART_DefaultErrorHandler                    (abs)        000000
_EUSART_DefaultFramingErrorHandler             (abs)        000000
_EUSART_DefaultOverrunErrorHandler             (abs)        000000
_EUSART_ErrorHandler                           nvBANK2      00015A
_EUSART_FramingErrorHandler                    nvBANK1      0000EE
_EUSART_Initialize                             text27       001E28
_EUSART_OverrunErrorHandler                    nvBANK1      0000EC
_EUSART_Read                                   (abs)        000000
_EUSART_SetErrorHandler                        text30       001D74
_EUSART_SetFramingErrorHandler                 text29       001D7A
_EUSART_SetOverrunErrorHandler                 text28       001000
_EUSART_Write                                  text9        001D8E
_EUSART_is_rx_ready                            (abs)        000000
_EUSART_is_tx_done                             (abs)        000000
_EUSART_is_tx_ready                            (abs)        000000
_GAIN                                          dataBANK1    0000EB
_HX711_get_units                               text36       001F7C
_HX711_get_units$1421                          cstackBANK1  0000B8
_HX711_get_value                               text37       001F43
_HX711_is_ready                                text35       001D80
_HX711_read                                    text43       00116A
_HX711_read_average                            text39       0012A8
_HX711_set_offset                              text33       001DC2
_HX711_set_scale                               text34       001DB8
_HX711_tare                                    text31       001EA6
_LATA                                          (abs)        00010C
_LATB                                          (abs)        00010D
_LATBbits                                      (abs)        00010D
_LATC                                          (abs)        00010E
_MASTER0_open                                  (abs)        000000
_ODCONA                                        (abs)        00028C
_ODCONB                                        (abs)        00028D
_ODCONC                                        (abs)        00028E
_OFFSET                                        bssBANK1     0000DD
_OPTION_REGbits                                (abs)        000095
_OSCCON                                        (abs)        000099
_OSCILLATOR_Initialize                         text26       001D87
_OSCTUNE                                       (abs)        000098
_PIN_MANAGER_Initialize                        text25       001E75
_PIR1bits                                      (abs)        000010
_PORTBbits                                     (abs)        00000D
_RA2PPS                                        (abs)        000E92
_RB6PPS                                        (abs)        000E9E
_RC1REG                                        (abs)        000199
_RC1STA                                        (abs)        00019D
_RC1STAbits                                    (abs)        00019D
_RXPPS                                         (abs)        000E24
_SCALE                                         dataBANK1    0000E7
_SLRCONA                                       (abs)        00030C
_SLRCONB                                       (abs)        00030D
_SLRCONC                                       (abs)        00030E
_SPBRGH                                        (abs)        00019C
_SPBRGL                                        (abs)        00019B
_SSP1ADD                                       (abs)        000212
_SSP1BUF                                       (abs)        000211
_SSP1CON1                                      (abs)        000215
_SSP1CON1bits                                  (abs)        000215
_SSP1CON2                                      (abs)        000216
_SSP1STAT                                      (abs)        000214
_SSP1STATbits                                  (abs)        000214
_SSPCLKPPS                                     (abs)        000E20
_SSPDATPPS                                     (abs)        000E21
_SYSTEM_Initialize                             text24       001D9C
_TRISA                                         (abs)        00008C
_TRISB                                         (abs)        00008D
_TRISBbits                                     (abs)        00008D
_TRISC                                         (abs)        00008E
_TX1REG                                        (abs)        00019A
_TX1STA                                        (abs)        00019E
_TX1STAbits                                    (abs)        00019E
_WPUA                                          (abs)        00020C
_WPUB                                          (abs)        00020D
_WPUC                                          (abs)        00020E
__CFG_BOREN$ON                                 (abs)        000000
__CFG_BORV$LO                                  (abs)        000000
__CFG_CLKOUTEN$OFF                             (abs)        000000
__CFG_CP$OFF                                   (abs)        000000
__CFG_FCMEN$ON                                 (abs)        000000
__CFG_FOSC$INTOSC                              (abs)        000000
__CFG_IESO$ON                                  (abs)        000000
__CFG_LPBOR$OFF                                (abs)        000000
__CFG_LVP$OFF                                  (abs)        000000
__CFG_MCLRE$ON                                 (abs)        000000
__CFG_PLLEN$OFF                                (abs)        000000
__CFG_PPS1WAY$ON                               (abs)        000000
__CFG_PWRTE$OFF                                (abs)        000000
__CFG_STVREN$ON                                (abs)        000000
__CFG_WDTCCS$SWC                               (abs)        000000
__CFG_WDTCPS$WDTCPS1F                          (abs)        000000
__CFG_WDTCWS$WDTCWSSW                          (abs)        000000
__CFG_WDTE$OFF                                 (abs)        000000
__CFG_WRT$OFF                                  (abs)        000000
__CFG_ZCD$OFF                                  (abs)        000000
__Habs1                                        abs1         000000
__Hbank0                                       bank0        000000
__Hbank1                                       bank1        000000
__Hbank10                                      bank10       000000
__Hbank11                                      bank11       000000
__Hbank12                                      bank12       000000
__Hbank13                                      bank13       000000
__Hbank14                                      bank14       000000
__Hbank15                                      bank15       000000
__Hbank16                                      bank16       000000
__Hbank17                                      bank17       000000
__Hbank18                                      bank18       000000
__Hbank19                                      bank19       000000
__Hbank2                                       bank2        000000
__Hbank20                                      bank20       000000
__Hbank21                                      bank21       000000
__Hbank22                                      bank22       000000
__Hbank23                                      bank23       000000
__Hbank24                                      bank24       000000
__Hbank25                                      bank25       000000
__Hbank26                                      bank26       000000
__Hbank27                                      bank27       000000
__Hbank28                                      bank28       000000
__Hbank29                                      bank29       000000
__Hbank3                                       bank3        000000
__Hbank30                                      bank30       000000
__Hbank31                                      bank31       000000
__Hbank4                                       bank4        000000
__Hbank5                                       bank5        000000
__Hbank6                                       bank6        000000
__Hbank7                                       bank7        000000
__Hbank8                                       bank8        000000
__Hbank9                                       bank9        000000
__Hbigram                                      bigram       000000
__HbssBANK1                                    bssBANK1     000000
__Hcinit                                       cinit        000800
__Hclrtext                                     clrtext      000000
__Hcode                                        code         000000
__Hcommon                                      common       000000
__Hconfig                                      config       00800A
__HcstackBANK0                                 cstackBANK0  000000
__HcstackBANK1                                 cstackBANK1  000000
__HcstackBANK2                                 cstackBANK2  000000
__HcstackCOMMON                                cstackCOMMON 000000
__HdataBANK1                                   dataBANK1    000000
__Heeprom_data                                 eeprom_data  000000
__Hend_init                                    end_init     000004
__Hfunctab                                     functab      000000
__HidataBANK1                                  idataBANK1   000000
__Hidloc                                       idloc        000000
__Hinit                                        init         000002
__Hintentry                                    intentry     000002
__Hmaintext                                    maintext     000000
__HnvBANK1                                     nvBANK1      000000
__HnvBANK2                                     nvBANK2      000000
__Hpowerup                                     powerup      000000
__Hram                                         ram          000000
__Hreset_vec                                   reset_vec    000002
__Hsfr0                                        sfr0         000000
__Hsfr1                                        sfr1         000000
__Hsfr10                                       sfr10        000000
__Hsfr11                                       sfr11        000000
__Hsfr12                                       sfr12        000000
__Hsfr13                                       sfr13        000000
__Hsfr14                                       sfr14        000000
__Hsfr15                                       sfr15        000000
__Hsfr16                                       sfr16        000000
__Hsfr17                                       sfr17        000000
__Hsfr18                                       sfr18        000000
__Hsfr19                                       sfr19        000000
__Hsfr2                                        sfr2         000000
__Hsfr20                                       sfr20        000000
__Hsfr21                                       sfr21        000000
__Hsfr22                                       sfr22        000000
__Hsfr23                                       sfr23        000000
__Hsfr24                                       sfr24        000000
__Hsfr25                                       sfr25        000000
__Hsfr26                                       sfr26        000000
__Hsfr27                                       sfr27        000000
__Hsfr28                                       sfr28        000000
__Hsfr29                                       sfr29        000000
__Hsfr3                                        sfr3         000000
__Hsfr30                                       sfr30        000000
__Hsfr31                                       sfr31        000000
__Hsfr4                                        sfr4         000000
__Hsfr5                                        sfr5         000000
__Hsfr6                                        sfr6         000000
__Hsfr7                                        sfr7         000000
__Hsfr8                                        sfr8         000000
__Hsfr9                                        sfr9         000000
__Hspace_0                                     (abs)        00800A
__Hspace_1                                     (abs)        00015C
__Hspace_2                                     (abs)        000000
__Hspace_3                                     (abs)        000000
__Hstack                                       stack        000000
__Hstrings                                     strings      000000
__Hstringtext1                                 stringtext1  000000
__Hstringtext10                                stringtext10 000000
__Hstringtext11                                stringtext11 000000
__Hstringtext12                                stringtext12 000000
__Hstringtext13                                stringtext13 000000
__Hstringtext2                                 stringtext2  000000
__Hstringtext3                                 stringtext3  000000
__Hstringtext4                                 stringtext4  000000
__Hstringtext5                                 stringtext5  000000
__Hstringtext6                                 stringtext6  000000
__Hstringtext7                                 stringtext7  000000
__Hstringtext8                                 stringtext8  000000
__Hstringtext9                                 stringtext9  000000
__Htext                                        text         000000
__Labs1                                        abs1         000000
__Lbank0                                       bank0        000000
__Lbank1                                       bank1        000000
__Lbank10                                      bank10       000000
__Lbank11                                      bank11       000000
__Lbank12                                      bank12       000000
__Lbank13                                      bank13       000000
__Lbank14                                      bank14       000000
__Lbank15                                      bank15       000000
__Lbank16                                      bank16       000000
__Lbank17                                      bank17       000000
__Lbank18                                      bank18       000000
__Lbank19                                      bank19       000000
__Lbank2                                       bank2        000000
__Lbank20                                      bank20       000000
__Lbank21                                      bank21       000000
__Lbank22                                      bank22       000000
__Lbank23                                      bank23       000000
__Lbank24                                      bank24       000000
__Lbank25                                      bank25       000000
__Lbank26                                      bank26       000000
__Lbank27                                      bank27       000000
__Lbank28                                      bank28       000000
__Lbank29                                      bank29       000000
__Lbank3                                       bank3        000000
__Lbank30                                      bank30       000000
__Lbank31                                      bank31       000000
__Lbank4                                       bank4        000000
__Lbank5                                       bank5        000000
__Lbank6                                       bank6        000000
__Lbank7                                       bank7        000000
__Lbank8                                       bank8        000000
__Lbank9                                       bank9        000000
__Lbigram                                      bigram       000000
__LbssBANK1                                    bssBANK1     000000
__Lcinit                                       cinit        0007E4
__Lclrtext                                     clrtext      000000
__Lcode                                        code         000000
__Lcommon                                      common       000000
__Lconfig                                      config       008007
__LcstackBANK0                                 cstackBANK0  000000
__LcstackBANK1                                 cstackBANK1  000000
__LcstackBANK2                                 cstackBANK2  000000
__LcstackCOMMON                                cstackCOMMON 000000
__LdataBANK1                                   dataBANK1    000000
__Leeprom_data                                 eeprom_data  000000
__Lend_init                                    end_init     000002
__Lfunctab                                     functab      000000
__LidataBANK1                                  idataBANK1   000000
__Lidloc                                       idloc        000000
__Linit                                        init         000002
__Lintentry                                    intentry     000002
__Lmaintext                                    maintext     000000
__LnvBANK1                                     nvBANK1      000000
__LnvBANK2                                     nvBANK2      000000
__Lpowerup                                     powerup      000000
__Lram                                         ram          000000
__Lreset_vec                                   reset_vec    000000
__Lsfr0                                        sfr0         000000
__Lsfr1                                        sfr1         000000
__Lsfr10                                       sfr10        000000
__Lsfr11                                       sfr11        000000
__Lsfr12                                       sfr12        000000
__Lsfr13                                       sfr13        000000
__Lsfr14                                       sfr14        000000
__Lsfr15                                       sfr15        000000
__Lsfr16                                       sfr16        000000
__Lsfr17                                       sfr17        000000
__Lsfr18                                       sfr18        000000
__Lsfr19                                       sfr19        000000
__Lsfr2                                        sfr2         000000
__Lsfr20                                       sfr20        000000
__Lsfr21                                       sfr21        000000
__Lsfr22                                       sfr22        000000
__Lsfr23                                       sfr23        000000
__Lsfr24                                       sfr24        000000
__Lsfr25                                       sfr25        000000
__Lsfr26                                       sfr26        000000
__Lsfr27                                       sfr27        000000
__Lsfr28                                       sfr28        000000
__Lsfr29                                       sfr29        000000
__Lsfr3                                        sfr3         000000
__Lsfr30                                       sfr30        000000
__Lsfr31                                       sfr31        000000
__Lsfr4                                        sfr4         000000
__Lsfr5                                        sfr5         000000
__Lsfr6                                        sfr6         000000
__Lsfr7                                        sfr7         000000
__Lsfr8                                        sfr8         000000
__Lsfr9                                        sfr9         000000
__Lspace_0                                     (abs)        000000
__Lspace_1                                     (abs)        000000
__Lspace_2                                     (abs)        000000
__Lspace_3                                     (abs)        000000
__Lstack                                       stack        000000
__Lstrings                                     strings      000000
__Lstringtext1                                 stringtext1  000000
__Lstringtext10                                stringtext10 000000
__Lstringtext11                                stringtext11 000000
__Lstringtext12                                stringtext12 000000
__Lstringtext13                                stringtext13 000000
__Lstringtext2                                 stringtext2  000000
__Lstringtext3                                 stringtext3  000000
__Lstringtext4                                 stringtext4  000000
__Lstringtext5                                 stringtext5  000000
__Lstringtext6                                 stringtext6  000000
__Lstringtext7                                 stringtext7  000000
__Lstringtext8                                 stringtext8  000000
__Lstringtext9                                 stringtext9  000000
__Ltext                                        text         000000
__S0                                           (abs)        00800A
__S1                                           (abs)        00015C
__S2                                           (abs)        000000
__Umul8_16                                     text15       001E09
__Umul8_16@multiplicand                        cstackCOMMON 000070
__Umul8_16@multiplier                          cstackCOMMON 000078
__Umul8_16@product                             cstackCOMMON 000074
__Umul8_16@word_mpld                           cstackCOMMON 000076
___awdiv                                       text7        0010C0
___awdiv@counter                               cstackBANK0  000020
___awdiv@dividend                              cstackCOMMON 000079
___awdiv@divisor                               cstackCOMMON 000077
___awdiv@quotient                              cstackBANK0  000022
___awdiv@sign                                  cstackBANK0  000021
___awmod                                       text6        001029
___awmod@counter                               cstackCOMMON 000075
___awmod@dividend                              cstackCOMMON 000072
___awmod@divisor                               cstackCOMMON 000070
___awmod@sign                                  cstackCOMMON 000076
___fladd                                       text42       000876
___fladd@a                                     cstackBANK0  000055
___fladd@aexp                                  cstackBANK0  000062
___fladd@b                                     cstackBANK0  000051
___fladd@bexp                                  cstackBANK0  000063
___fladd@grs                                   cstackBANK0  000064
___fladd@signs                                 cstackBANK0  000061
___fldiv                                       text41       001505
___fldiv@a                                     cstackBANK0  000034
___fldiv@aexp                                  cstackBANK0  00004D
___fldiv@b                                     cstackBANK0  000038
___fldiv@bexp                                  cstackBANK0  00004C
___fldiv@grs                                   cstackBANK0  000048
___fldiv@new_exp                               cstackBANK0  000046
___fldiv@rem                                   cstackBANK0  000041
___fldiv@sign                                  cstackBANK0  000045
___fleq                                        text23       000005
___fleq@ff1                                    cstackCOMMON 000070
___fleq@ff2                                    cstackCOMMON 000074
___flge                                        text22       00122D
___flge@ff1                                    cstackCOMMON 000070
___flge@ff2                                    cstackCOMMON 000074
___flmul                                       text14       000A58
___flmul@a                                     cstackBANK0  000028
___flmul@aexp                                  cstackBANK0  000036
___flmul@b                                     cstackBANK0  000024
___flmul@bexp                                  cstackBANK0  000037
___flmul@grs                                   cstackBANK0  000032
___flmul@prod                                  cstackBANK0  000038
___flmul@sign                                  cstackBANK0  000031
___flmul@temp                                  cstackBANK0  00003C
___flneg                                       text21       001DA5
___flneg@f1                                    cstackCOMMON 000070
___flsub                                       text38       001F0E
___flsub@a                                     cstackBANK1  0000A6
___flsub@b                                     cstackBANK1  0000AA
___fltol                                       text32       0011C7
___fltol@exp1                                  cstackBANK0  00005D
___fltol@f1                                    cstackBANK0  000053
___fltol@sign1                                 cstackBANK0  00005C
___int_sp                                      stack        000000
___latbits                                     (abs)        000002
___lldiv                                       text20       00106E
___lldiv@counter                               cstackCOMMON 00007D
___lldiv@dividend                              cstackCOMMON 000074
___lldiv@divisor                               cstackCOMMON 000070
___lldiv@quotient                              cstackCOMMON 000079
___llmod                                       text19       001FBD
___llmod@counter                               cstackBANK0  000029
___llmod@dividend                              cstackBANK0  000024
___llmod@divisor                               cstackBANK0  000020
___lwdiv                                       text13       001EDA
___lwdiv@counter                               cstackCOMMON 00007D
___lwdiv@dividend                              cstackCOMMON 000078
___lwdiv@divisor                               cstackCOMMON 000076
___lwdiv@quotient                              cstackCOMMON 00007B
___lwmod                                       text12       001E49
___lwmod@counter                               cstackCOMMON 000075
___lwmod@dividend                              cstackCOMMON 000072
___lwmod@divisor                               cstackCOMMON 000070
___sp                                          stack        000000
___stackhi                                     (abs)        0023EF
___stacklo                                     (abs)        0020DC
___wmul                                        text18       001DD3
___wmul@multiplicand                           cstackCOMMON 000072
___wmul@multiplier                             cstackCOMMON 000070
___wmul@product                                cstackCOMMON 000074
___xxtofl                                      text40       001338
___xxtofl@arg                                  cstackBANK0  000030
___xxtofl@exp                                  cstackBANK0  00002F
___xxtofl@sign                                 cstackBANK0  00002E
___xxtofl@val                                  cstackCOMMON 000077
__div_to_l_                                    text17       0013CE
__div_to_l_@cntr                               cstackBANK0  000024
__div_to_l_@exp1                               cstackBANK0  000025
__div_to_l_@f1                                 cstackCOMMON 000070
__div_to_l_@f2                                 cstackCOMMON 000074
__div_to_l_@quot                               cstackBANK0  000020
__doprnt                                       text4        0002BB
__doprnt$1425                                  cstackBANK1  0000B4
__doprnt@ap                                    cstackBANK0  00006F
__doprnt@c                                     cstackBANK1  0000CF
__doprnt@cp                                    cstackBANK1  0000B8
__doprnt@eexp                                  cstackBANK1  0000C3
__doprnt@f                                     cstackBANK0  00006D
__doprnt@flag                                  cstackBANK1  0000BD
__doprnt@fval                                  cstackBANK1  0000C9
__doprnt@len                                   cstackBANK1  0000B9
__doprnt@pb                                    cstackBANK1  0000D0
__doprnt@prec                                  cstackBANK1  0000BB
__doprnt@tmpval                                cstackBANK1  0000C5
__doprnt@val                                   cstackBANK1  0000BF
__doprnt@width                                 cstackBANK1  0000CD
__end_of_EUSART_Initialize                     text27       001E49
__end_of_EUSART_SetErrorHandler                text30       001D7A
__end_of_EUSART_SetFramingErrorHandler         text29       001D80
__end_of_EUSART_SetOverrunErrorHandler         text28       001006
__end_of_EUSART_Write                          text9        001D95
__end_of_HX711_get_units                       text36       001FBD
__end_of_HX711_get_value                       text37       001F7C
__end_of_HX711_is_ready                        text35       001D87
__end_of_HX711_read                            text43       0011C7
__end_of_HX711_read_average                    text39       001338
__end_of_HX711_set_offset                      text33       001DD3
__end_of_HX711_set_scale                       text34       001DC2
__end_of_HX711_tare                            text31       001EDA
__end_of_OSCILLATOR_Initialize                 text26       001D8E
__end_of_PIN_MANAGER_Initialize                text25       001EA6
__end_of_SYSTEM_Initialize                     text24       001DA5
__end_of__Umul8_16                             text15       001E28
__end_of___awdiv                               text7        001112
__end_of___awmod                               text6        00106E
__end_of___fladd                               text42       000A58
__end_of___fldiv                               text41       00167F
__end_of___fleq                                text23       00004D
__end_of___flge                                text22       0012A8
__end_of___flmul                               text14       000C84
__end_of___flneg                               text21       001DAE
__end_of___flsub                               text38       001F43
__end_of___fltol                               text32       00122D
__end_of___lldiv                               text20       0010C0
__end_of___llmod                               text19       002000
__end_of___lwdiv                               text13       001F0E
__end_of___lwmod                               text12       001E75
__end_of___wmul                                text18       001DEE
__end_of___xxtofl                              text40       0013CE
__end_of__div_to_l_                            text17       001469
__end_of__doprnt                               text4_split_1 000FFE
__end_of__initialization                       cinit        0007FD
__end_of__npowers_                             stringtext2  001868
__end_of__powers_                              stringtext1  001834
__end_of__tdiv_to_l_                           text16       001505
__end_of_dpowers                               stringtext6  001890
__end_of_fround                                text11       001800
__end_of_isdigit                               text10       00080E
__end_of_main                                  maintext     000876
__end_of_printf                                text3        001E09
__end_of_putch                                 text8        001D9C
__end_of_scale                                 text5        0002BB
__end_of_spiMaster                             stringtext3  0018A4
__end_of_spi_configuration                     stringtext5  0018EC
__end_of_spi_exchangeByte                      text44       001DB8
__end_of_spi_open                              text2        00116A
__end_of_sprintf                               text1        001029
__end_of_uart                                  stringtext4  0018E4
__initialization                               cinit        0007E4
__npowers_                                     stringtext2  001834
__pbssBANK1                                    bssBANK1     0000DD
__pcstackBANK0                                 cstackBANK0  000020
__pcstackBANK1                                 cstackBANK1  0000A0
__pcstackBANK2                                 cstackBANK2  000120
__pcstackCOMMON                                cstackCOMMON 000070
__pdataBANK1                                   dataBANK1    0000E7
__pidataBANK1                                  idataBANK1   001D6F
__pmaintext                                    maintext     00080E
__pnvBANK1                                     nvBANK1      0000EC
__pnvBANK2                                     nvBANK2      00015A
__powers_                                      stringtext1  001800
__pstringtext1                                 stringtext1  001800
__pstringtext10                                stringtext10 0018EC
__pstringtext11                                stringtext11 0018F4
__pstringtext12                                stringtext12 0018FB
__pstringtext13                                stringtext13 000000
__pstringtext2                                 stringtext2  001834
__pstringtext3                                 stringtext3  001890
__pstringtext4                                 stringtext4  0018D8
__pstringtext5                                 stringtext5  0018E4
__pstringtext6                                 stringtext6  001868
__pstringtext7                                 stringtext7  0018A4
__pstringtext8                                 stringtext8  0018B6
__pstringtext9                                 stringtext9  0018C8
__ptext1                                       text1        001006
__ptext10                                      text10       000800
__ptext11                                      text11       00167F
__ptext12                                      text12       001E49
__ptext13                                      text13       001EDA
__ptext14                                      text14       000A58
__ptext15                                      text15       001E09
__ptext16                                      text16       001469
__ptext17                                      text17       0013CE
__ptext18                                      text18       001DD3
__ptext19                                      text19       001FBD
__ptext2                                       text2        001112
__ptext20                                      text20       00106E
__ptext21                                      text21       001DA5
__ptext22                                      text22       00122D
__ptext23                                      text23       000005
__ptext24                                      text24       001D9C
__ptext25                                      text25       001E75
__ptext26                                      text26       001D87
__ptext27                                      text27       001E28
__ptext28                                      text28       001000
__ptext29                                      text29       001D7A
__ptext3                                       text3        001DEE
__ptext30                                      text30       001D74
__ptext31                                      text31       001EA6
__ptext32                                      text32       0011C7
__ptext33                                      text33       001DC2
__ptext34                                      text34       001DB8
__ptext35                                      text35       001D80
__ptext36                                      text36       001F7C
__ptext37                                      text37       001F43
__ptext38                                      text38       001F0E
__ptext39                                      text39       0012A8
__ptext4                                       text4        0002BB
__ptext40                                      text40       001338
__ptext41                                      text41       001505
__ptext42                                      text42       000876
__ptext43                                      text43       00116A
__ptext44                                      text44       001DAE
__ptext5                                       text5        00004D
__ptext6                                       text6        001029
__ptext7                                       text7        0010C0
__ptext8                                       text8        001D95
__ptext9                                       text9        001D8E
__size_of_EUSART_Initialize                    (abs)        000000
__size_of_EUSART_SetErrorHandler               (abs)        000000
__size_of_EUSART_SetFramingErrorHandler        (abs)        000000
__size_of_EUSART_SetOverrunErrorHandler        (abs)        000000
__size_of_EUSART_Write                         (abs)        000000
__size_of_HX711_get_units                      (abs)        000000
__size_of_HX711_get_value                      (abs)        000000
__size_of_HX711_is_ready                       (abs)        000000
__size_of_HX711_read                           (abs)        000000
__size_of_HX711_read_average                   (abs)        000000
__size_of_HX711_set_offset                     (abs)        000000
__size_of_HX711_set_scale                      (abs)        000000
__size_of_HX711_tare                           (abs)        000000
__size_of_OSCILLATOR_Initialize                (abs)        000000
__size_of_PIN_MANAGER_Initialize               (abs)        000000
__size_of_SYSTEM_Initialize                    (abs)        000000
__size_of__Umul8_16                            (abs)        000000
__size_of___awdiv                              (abs)        000000
__size_of___awmod                              (abs)        000000
__size_of___fladd                              (abs)        000000
__size_of___fldiv                              (abs)        000000
__size_of___fleq                               (abs)        000000
__size_of___flge                               (abs)        000000
__size_of___flmul                              (abs)        000000
__size_of___flneg                              (abs)        000000
__size_of___flsub                              (abs)        000000
__size_of___fltol                              (abs)        000000
__size_of___lldiv                              (abs)        000000
__size_of___llmod                              (abs)        000000
__size_of___lwdiv                              (abs)        000000
__size_of___lwmod                              (abs)        000000
__size_of___wmul                               (abs)        000000
__size_of___xxtofl                             (abs)        000000
__size_of__div_to_l_                           (abs)        000000
__size_of__doprnt                              (abs)        000000
__size_of__tdiv_to_l_                          (abs)        000000
__size_of_fround                               (abs)        000000
__size_of_isdigit                              (abs)        000000
__size_of_main                                 (abs)        000000
__size_of_printf                               (abs)        000000
__size_of_putch                                (abs)        000000
__size_of_scale                                (abs)        000000
__size_of_spi_exchangeByte                     (abs)        000000
__size_of_spi_open                             (abs)        000000
__size_of_sprintf                              (abs)        000000
__tdiv_to_l_                                   text16       001469
__tdiv_to_l_@cntr                              cstackBANK0  000024
__tdiv_to_l_@exp1                              cstackBANK0  000025
__tdiv_to_l_@f1                                cstackCOMMON 000070
__tdiv_to_l_@f2                                cstackCOMMON 000074
__tdiv_to_l_@quot                              cstackBANK0  000020
_dpowers                                       stringtext6  001868
_eusartRxLastError                             bssBANK1     0000E6
_fround                                        text11       00167F
_fround$1422                                   cstackBANK0  00004C
_fround$1423                                   cstackBANK0  000048
_isdigit                                       text10       000800
_isdigit$1187                                  cstackCOMMON 000070
_main                                          maintext     00080E
_printf                                        text3        001DEE
_putch                                         text8        001D95
_scale                                         text5        00004D
_scale$1424                                    cstackBANK0  00004E
_spi_close                                     (abs)        000000
_spi_configuration                             stringtext5  0018E4
_spi_exchangeBlock                             (abs)        000000
_spi_exchangeByte                              text44       001DAE
_spi_interruptHandler                          bssBANK1     0000E4
_spi_isr                                       (abs)        000000
_spi_open                                      text2        001112
_spi_readBlock                                 (abs)        000000
_spi_readByte                                  (abs)        000000
_spi_setSpiISR                                 (abs)        000000
_spi_writeBlock                                (abs)        000000
_spi_writeByte                                 (abs)        000000
_sprintf                                       text1        001006
btemp                                          (abs)        00007E
end_of_initialization                          cinit        0007FD
fround@prec                                    cstackBANK0  000050
intlevel0                                      functab      000000
intlevel1                                      functab      000000
intlevel2                                      functab      000000
intlevel3                                      functab      000000
intlevel4                                      functab      000000
intlevel5                                      functab      000000
isdigit@c                                      cstackCOMMON 000071
main@aux                                       cstackBANK2  000120
main@reading                                   cstackBANK2  000156
pnum$text4                                     (abs)        00001D
pnum$text4_split_1                             (abs)        000046
printf@ap                                      cstackBANK1  0000D6
printf@f                                       cstackBANK1  0000D1
printf@pb                                      cstackBANK1  0000D7
psplit$0                                       (abs)        1D0046
putch@txData                                   cstackCOMMON 000071
reset_vec                                      reset_vec    000000
scale@scl                                      cstackBANK0  000052
spi_exchangeByte@b                             cstackCOMMON 000070
spi_open@spiUniqueConfiguration                cstackCOMMON 000073
sprintf@ap                                     cstackBANK1  0000D9
sprintf@f                                      cstackBANK1  0000D1
sprintf@pb                                     cstackBANK1  0000DA
sprintf@wh                                     cstackBANK1  0000D8
start                                          init         000002
start_initialization                           cinit        0007E4
wtemp0                                         (abs)        00007E


FUNCTION INFORMATION:

 *************** function _main *****************
 Defined at:
		line 56 in file "main.c"
 Parameters:    Size  Location     Type
		None
 Auto vars:     Size  Location     Type
  reading         4   54[BANK2 ] float 
  aux            50    0[BANK2 ] unsigned char [50]
  valor           4    0        float 
 Return value:  Size  Location     Type
                  1    wreg      void 
 Registers used:
		wreg, fsr0l, fsr0h, fsr1l, fsr1h, status,2, status,0, pclath, cstack
 Tracked objects:
		On entry : 
		On exit  : 
		Unchanged: 
 Data sizes:     COMMON   BANK0   BANK1   BANK2   BANK3   BANK4   BANK5   BANK6   BANK7   BANK8   BANK9  BANK10  BANK11  BANK12
      Params:         0       0       0       0       0       0       0       0       0       0       0       0       0       0
      Locals:         0       0       0      58       0       0       0       0       0       0       0       0       0       0
      Temps:          0       0       0       0       0       0       0       0       0       0       0       0       0       0
      Totals:         0       0       0      58       0       0       0       0       0       0       0       0       0       0
Total ram usage:       58 bytes
 Hardware stack levels required when called:    5
 This function calls:
		_HX711_get_units
		_HX711_is_ready
		_HX711_set_scale
		_HX711_tare
		_SYSTEM_Initialize
		_printf
		_spi_open
		_sprintf
 This function is called by:
		Startup code after reset
 This function uses a non-reentrant model


 *************** function _sprintf *****************
 Defined at:
		line 13 in file "C:\Program Files (x86)\Microchip\xc8\v2.05\pic\sources\c90\common\sprintf.c"
 Parameters:    Size  Location     Type
  wh              1    wreg     PTR unsigned char 
		 -> main@aux(50), 
  f               2   49[BANK1 ] PTR const unsigned char 
		 -> STR_3(5), 
 Auto vars:     Size  Location     Type
  wh              1   56[BANK1 ] PTR unsigned char 
		 -> main@aux(50), 
  pb              3   58[BANK1 ] struct __prbuf
  ap              1   57[BANK1 ] PTR void [1]
		 -> ?_sprintf(2), ?_printf(2), 
 Return value:  Size  Location     Type
                  2   49[BANK1 ] int 
 Registers used:
		wreg, fsr0l, fsr0h, fsr1l, fsr1h, status,2, status,0, pclath, cstack
 Tracked objects:
		On entry : 
		On exit  : 
		Unchanged: 
 Data sizes:     COMMON   BANK0   BANK1   BANK2   BANK3   BANK4   BANK5   BANK6   BANK7   BANK8   BANK9  BANK10  BANK11  BANK12
      Params:         0       0       6       0       0       0       0       0       0       0       0       0       0       0
      Locals:         0       0       5       0       0       0       0       0       0       0       0       0       0       0
      Temps:          0       0       1       0       0       0       0       0       0       0       0       0       0       0
      Totals:         0       0      12       0       0       0       0       0       0       0       0       0       0       0
Total ram usage:       12 bytes
 Hardware stack levels used:    1
 Hardware stack levels required when called:    4
 This function calls:
		__doprnt
 This function is called by:
		_main
 This function uses a non-reentrant model


 *************** function _spi_open *****************
 Defined at:
		line 46 in file "mcc_generated_files/spi_driver.c"
 Parameters:    Size  Location     Type
  spiUniqueCon    1    wreg     enum E9549
 Auto vars:     Size  Location     Type
  spiUniqueCon    1    3[COMMON] enum E9549
 Return value:  Size  Location     Type
                  1    wreg      unsigned char 
 Registers used:
		wreg, fsr0l, fsr0h, status,2, status,0, pclath
 Tracked objects:
		On entry : 
		On exit  : 
		Unchanged: 
 Data sizes:     COMMON   BANK0   BANK1   BANK2   BANK3   BANK4   BANK5   BANK6   BANK7   BANK8   BANK9  BANK10  BANK11  BANK12
      Params:         0       0       0       0       0       0       0       0       0       0       0       0       0       0
[...]
      Params:         0       0       5       0       0       0       0       0       0       0       0       0       0       0
      Locals:         0       0       5       0       0       0       0       0       0       0       0       0       0       0
      Temps:          0       0       0       0       0       0       0       0       0       0       0       0       0       0
      Totals:         0       0      10       0       0       0       0       0       0       0       0       0       0       0
Total ram usage:       10 bytes
 Hardware stack levels used:    1
 Hardware stack levels required when called:    4
 This function calls:
		_HX711_get_value
		___fldiv
 This function is called by:
		_main
 This function uses a non-reentrant model


 *************** function _HX711_get_value *****************
 Defined at:
		line 197 in file "hx711.c"
 Parameters:    Size  Location     Type
  times           1    wreg     unsigned char 
 Auto vars:     Size  Location     Type
  times           1   77[BANK0 ] unsigned char 
 Return value:  Size  Location     Type
                  4   14[BANK1 ] float 
 Registers used:
		wreg, status,2, status,0, pclath, cstack
 Tracked objects:
		On entry : 
		On exit  : 
		Unchanged: 
 Data sizes:     COMMON   BANK0   BANK1   BANK2   BANK3   BANK4   BANK5   BANK6   BANK7   BANK8   BANK9  BANK10  BANK11  BANK12
      Params:         0       0       5       0       0       0       0       0       0       0       0       0       0       0
      Locals:         0       1       0       0       0       0       0       0       0       0       0       0       0       0
      Temps:          0       0       0       0       0       0       0       0       0       0       0       0       0       0
      Totals:         0       1       5       0       0       0       0       0       0       0       0       0       0       0
Total ram usage:        6 bytes
 Hardware stack levels used:    1
 Hardware stack levels required when called:    3
 This function calls:
		_HX711_read_average
		___flsub
		___xxtofl
 This function is called by:
		_HX711_get_units
 This function uses a non-reentrant model


 *************** function ___flsub *****************
 Defined at:
		line 242 in file "C:\Program Files (x86)\Microchip\xc8\v2.05\pic\sources\c90\common\sprcadd.c"
 Parameters:    Size  Location     Type
  a               4    6[BANK1 ] float 
  b               4   10[BANK1 ] float 
 Auto vars:     Size  Location     Type
		None
 Return value:  Size  Location     Type
                  4    6[BANK1 ] float 
 Registers used:
		wreg, status,2, status,0, pclath, cstack
 Tracked objects:
		On entry : 
		On exit  : 
		Unchanged: 
 Data sizes:     COMMON   BANK0   BANK1   BANK2   BANK3   BANK4   BANK5   BANK6   BANK7   BANK8   BANK9  BANK10  BANK11  BANK12
      Params:         0       0       8       0       0       0       0       0       0       0       0       0       0       0
      Locals:         0       0       0       0       0       0       0       0       0       0       0       0       0       0
      Temps:          0       0       0       0       0       0       0       0       0       0       0       0       0       0
      Totals:         0       0       8       0       0       0       0       0       0       0       0       0       0       0
Total ram usage:        8 bytes
 Hardware stack levels used:    1
 Hardware stack levels required when called:    1
 This function calls:
		___fladd
 This function is called by:
		_HX711_get_value
		__doprnt
 This function uses a non-reentrant model


 *************** function _HX711_read_average *****************
 Defined at:
		line 185 in file "hx711.c"
 Parameters:    Size  Location     Type
  times           1    wreg     unsigned char 
 Auto vars:     Size  Location     Type
  times           1    1[BANK1 ] unsigned char 
  i               1    0[BANK1 ] unsigned char 
  sum             4    2[BANK1 ] float 
 Return value:  Size  Location     Type
                  4   69[BANK0 ] float 
 Registers used:
		wreg, status,2, status,0, pclath, cstack
 Tracked objects:
		On entry : 
		On exit  : 
		Unchanged: 
 Data sizes:     COMMON   BANK0   BANK1   BANK2   BANK3   BANK4   BANK5   BANK6   BANK7   BANK8   BANK9  BANK10  BANK11  BANK12
      Params:         0       4       0       0       0       0       0       0       0       0       0       0       0       0
      Locals:         0       0       6       0       0       0       0       0       0       0       0       0       0       0
      Temps:          0       4       0       0       0       0       0       0       0       0       0       0       0       0
      Totals:         0       8       6       0       0       0       0       0       0       0       0       0       0       0
Total ram usage:       14 bytes
 Hardware stack levels used:    1
 Hardware stack levels required when called:    2
 This function calls:
		_HX711_read
		___fladd
		___fldiv
		___xxtofl
 This function is called by:
		_HX711_get_value
		_HX711_tare
 This function uses a non-reentrant model


 *************** function ___xxtofl *****************
 Defined at:
		line 10 in file "C:\Program Files (x86)\Microchip\xc8\v2.05\pic\sources\c90\common\xxtofl.c"
 Parameters:    Size  Location     Type
  sign            1    wreg     unsigned char 
  val             4    7[COMMON] long 
 Auto vars:     Size  Location     Type
  sign            1   14[BANK0 ] unsigned char 
  arg             4   16[BANK0 ] unsigned long 
  exp             1   15[BANK0 ] unsigned char 
 Return value:  Size  Location     Type
                  4    7[COMMON] unsigned char 
 Registers used:
		wreg, status,2, status,0
 Tracked objects:
		On entry : 
		On exit  : 
		Unchanged: 
 Data sizes:     COMMON   BANK0   BANK1   BANK2   BANK3   BANK4   BANK5   BANK6   BANK7   BANK8   BANK9  BANK10  BANK11  BANK12
      Params:         4       0       0       0       0       0       0       0       0       0       0       0       0       0
      Locals:         0       6       0       0       0       0       0       0       0       0       0       0       0       0
      Temps:          0       4       0       0       0       0       0       0       0       0       0       0       0       0
      Totals:         4      10       0       0       0       0       0       0       0       0       0       0       0       0
Total ram usage:       14 bytes
 Hardware stack levels used:    1
 This function calls:
		Nothing
 This function is called by:
		_HX711_read_average
		_HX711_get_value
		__doprnt
 This function uses a non-reentrant model


 *************** function ___fldiv *****************
 Defined at:
		line 8 in file "C:\Program Files (x86)\Microchip\xc8\v2.05\pic\sources\c90\common\sprcdiv.c"
 Parameters:    Size  Location     Type
  a               4   20[BANK0 ] unsigned char 
  b               4   24[BANK0 ] unsigned char 
 Auto vars:     Size  Location     Type
  grs             4   40[BANK0 ] unsigned long 
  rem             4   33[BANK0 ] unsigned long 
  new_exp         2   38[BANK0 ] int 
  aexp            1   45[BANK0 ] unsigned char 
  bexp            1   44[BANK0 ] unsigned char 
  sign            1   37[BANK0 ] unsigned char 
 Return value:  Size  Location     Type
                  4   20[BANK0 ] unsigned char 
 Registers used:
		wreg, status,2, status,0
 Tracked objects:
		On entry : 
		On exit  : 
		Unchanged: 
 Data sizes:     COMMON   BANK0   BANK1   BANK2   BANK3   BANK4   BANK5   BANK6   BANK7   BANK8   BANK9  BANK10  BANK11  BANK12
      Params:         0       8       0       0       0       0       0       0       0       0       0       0       0       0
      Locals:         0      13       0       0       0       0       0       0       0       0       0       0       0       0
      Temps:          0       5       0       0       0       0       0       0       0       0       0       0       0       0
      Totals:         0      26       0       0       0       0       0       0       0       0       0       0       0       0
Total ram usage:       26 bytes
 Hardware stack levels used:    1
 This function calls:
		Nothing
 This function is called by:
		_HX711_read_average
		_HX711_get_units
 This function uses a non-reentrant model


 *************** function ___fladd *****************
 Defined at:
		line 10 in file "C:\Program Files (x86)\Microchip\xc8\v2.05\pic\sources\c90\common\sprcadd.c"
 Parameters:    Size  Location     Type
  b               4   49[BANK0 ] unsigned char 
  a               4   53[BANK0 ] unsigned char 
 Auto vars:     Size  Location     Type
  grs             1   68[BANK0 ] unsigned char 
  bexp            1   67[BANK0 ] unsigned char 
  aexp            1   66[BANK0 ] unsigned char 
  signs           1   65[BANK0 ] unsigned char 
 Return value:  Size  Location     Type
                  4   49[BANK0 ] unsigned char 
 Registers used:
		wreg, status,2, status,0
 Tracked objects:
		On entry : 
		On exit  : 
		Unchanged: 
 Data sizes:     COMMON   BANK0   BANK1   BANK2   BANK3   BANK4   BANK5   BANK6   BANK7   BANK8   BANK9  BANK10  BANK11  BANK12
      Params:         0       8       0       0       0       0       0       0       0       0       0       0       0       0
      Locals:         0       4       0       0       0       0       0       0       0       0       0       0       0       0
      Temps:          0       8       0       0       0       0       0       0       0       0       0       0       0       0
      Totals:         0      20       0       0       0       0       0       0       0       0       0       0       0       0
Total ram usage:       20 bytes
 Hardware stack levels used:    1
 This function calls:
		Nothing
 This function is called by:
		_HX711_read_average
		__doprnt
		___flsub
 This function uses a non-reentrant model


 *************** function _HX711_read *****************
 Defined at:
		line 96 in file "hx711.c"
 Parameters:    Size  Location     Type
		None
 Auto vars:     Size  Location     Type
  i               2    4[BANK0 ] unsigned int 
  value           4    6[BANK0 ] struct charto32bits
  value_32aux     4    0[BANK0 ] long 
 Return value:  Size  Location     Type
                  4    1[COMMON] long 
 Registers used:
		wreg, status,2, status,0, pclath, cstack
 Tracked objects:
		On entry : 
		On exit  : 
		Unchanged: 
 Data sizes:     COMMON   BANK0   BANK1   BANK2   BANK3   BANK4   BANK5   BANK6   BANK7   BANK8   BANK9  BANK10  BANK11  BANK12
      Params:         4       0       0       0       0       0       0       0       0       0       0       0       0       0
      Locals:         0      10       0       0       0       0       0       0       0       0       0       0       0       0
      Temps:          2       0       0       0       0       0       0       0       0       0       0       0       0       0
      Totals:         6      10       0       0       0       0       0       0       0       0       0       0       0       0
Total ram usage:       16 bytes
 Hardware stack levels used:    1
 Hardware stack levels required when called:    1
 This function calls:
		_spi_exchangeByte
 This function is called by:
		_HX711_read_average
		_HX711_set_gain
 This function uses a non-reentrant model


 *************** function _spi_exchangeByte *****************
 Defined at:
		line 68 in file "mcc_generated_files/spi_driver.c"
 Parameters:    Size  Location     Type
  b               1    0[COMMON] unsigned char 
 Auto vars:     Size  Location     Type
		None
 Return value:  Size  Location     Type
                  1    wreg      unsigned char 
 Registers used:
		wreg
 Tracked objects:
		On entry : 
		On exit  : 
		Unchanged: 
 Data sizes:     COMMON   BANK0   BANK1   BANK2   BANK3   BANK4   BANK5   BANK6   BANK7   BANK8   BANK9  BANK10  BANK11  BANK12
      Params:         1       0       0       0       0       0       0       0       0       0       0       0       0       0
      Locals:         0       0       0       0       0       0       0       0       0       0       0       0       0       0
      Temps:          0       0       0       0       0       0       0       0       0       0       0       0       0       0
      Totals:         1       0       0       0       0       0       0       0       0       0       0       0       0       0
Total ram usage:        1 bytes
 Hardware stack levels used:    1
 This function calls:
		Nothing
 This function is called by:
		_HX711_read
		_spi_exchangeBlock
		_spi_writeBlock
		_spi_readBlock
		_HX711_read_new
 This function uses a non-reentrant model



MODULE INFORMATION

Module		Function		Class		Link	Load	Size
C:\Program Files (x86)\Microchip\xc8\v2.05\pic\sources\c90\common\isdigit.c
		_isdigit       		CODE           	0800	0000	15

C:\Program Files (x86)\Microchip\xc8\v2.05\pic\sources\c90\common\isdigit.c estimated size: 15

C:\Program Files (x86)\Microchip\xc8\v2.05\pic\sources\c90\common\doprnt.c
		_scale         		CODE           	004D	0000	623
		_fround        		CODE           	167F	0000	386
		__doprnt       		CODE           	02BB	0000	2212

C:\Program Files (x86)\Microchip\xc8\v2.05\pic\sources\c90\common\doprnt.c estimated size: 3221

C:\Program Files (x86)\Microchip\xc8\v2.05\pic\sources\c90\common\sprcadd.c
		___flsub       		CODE           	1F0E	0000	54
		___fladd       		CODE           	0876	0000	483

C:\Program Files (x86)\Microchip\xc8\v2.05\pic\sources\c90\common\sprcadd.c estimated size: 537

C:\Program Files (x86)\Microchip\xc8\v2.05\pic\sources\c90\common\llmod.c
		___llmod       		CODE           	1FBD	0000	68

C:\Program Files (x86)\Microchip\xc8\v2.05\pic\sources\c90\common\llmod.c estimated size: 68

C:\Program Files (x86)\Microchip\xc8\v2.05\pic\sources\c90\common\sprintf.c
		_sprintf       		CODE           	1006	0000	36

C:\Program Files (x86)\Microchip\xc8\v2.05\pic\sources\c90\common\sprintf.c estimated size: 36

C:\Program Files (x86)\Microchip\xc8\v2.05\pic\sources\c90\common\awmod.c
		___awmod       		CODE           	1029	0000	70

C:\Program Files (x86)\Microchip\xc8\v2.05\pic\sources\c90\common\awmod.c estimated size: 70

C:\Program Files (x86)\Microchip\xc8\v2.05\pic\sources\c90\common\ftdivl.c
		__tdiv_to_l_   		CODE           	1469	0000	157

C:\Program Files (x86)\Microchip\xc8\v2.05\pic\sources\c90\common\ftdivl.c estimated size: 157

mcc_generated_files/pin_manager.c
		_PIN_MANAGER_Initialize		CODE           	1E75	0000	50

mcc_generated_files/pin_manager.c estimated size: 50

C:\Program Files (x86)\Microchip\xc8\v2.05\pic\sources\c90\common\lwdiv.c
		___lwdiv       		CODE           	1EDA	0000	53

C:\Program Files (x86)\Microchip\xc8\v2.05\pic\sources\c90\common\lwdiv.c estimated size: 53

mcc_generated_files/spi_driver.c
		_spi_exchangeByte		CODE           	1DAE	0000	11
		_spi_open      		CODE           	1112	0000	89

mcc_generated_files/spi_driver.c estimated size: 100

C:\Program Files (x86)\Microchip\xc8\v2.05\pic\sources\c90\common\fltol.c
		___fltol       		CODE           	11C7	0000	103

C:\Program Files (x86)\Microchip\xc8\v2.05\pic\sources\c90\common\fltol.c estimated size: 103

C:\Program Files (x86)\Microchip\xc8\v2.05\pic\sources\c90\common\Umul16.c
		___wmul        		CODE           	1DD3	0000	28

C:\Program Files (x86)\Microchip\xc8\v2.05\pic\sources\c90\common\Umul16.c estimated size: 28

C:\Program Files (x86)\Microchip\xc8\v2.05\pic\sources\c90\common\fldivl.c
		__div_to_l_    		CODE           	13CE	0000	156

C:\Program Files (x86)\Microchip\xc8\v2.05\pic\sources\c90\common\fldivl.c estimated size: 156

C:\Program Files (x86)\Microchip\xc8\v2.05\pic\sources\c90\common\flge.c
		___flge        		CODE           	122D	0000	124

C:\Program Files (x86)\Microchip\xc8\v2.05\pic\sources\c90\common\flge.c estimated size: 124

hx711.c
		_HX711_set_scale		CODE           	1DB8	0000	11
		_HX711_read_average		CODE           	12A8	0000	145
		_HX711_tare    		CODE           	1EA6	0000	53
		_HX711_set_offset		CODE           	1DC2	0000	18
		_HX711_get_value		CODE           	1F43	0000	58
		_HX711_read    		CODE           	116A	0000	94
		_HX711_get_units		CODE           	1F7C	0000	66
		_HX711_is_ready		CODE           	1D80	0000	8

hx711.c estimated size: 453

C:\Program Files (x86)\Microchip\xc8\v2.05\pic\sources\c90\common\printf.c
		_printf        		CODE           	1DEE	0000	28

C:\Program Files (x86)\Microchip\xc8\v2.05\pic\sources\c90\common\printf.c estimated size: 28

C:\Program Files (x86)\Microchip\xc8\v2.05\pic\sources\c90\common\awdiv.c
		___awdiv       		CODE           	10C0	0000	83

C:\Program Files (x86)\Microchip\xc8\v2.05\pic\sources\c90\common\awdiv.c estimated size: 83

shared
		__powers_      		STRCODE        	1800	0000	53
		_dpowers       		STRCODE        	1868	0000	41
		_uart          		STRCODE        	0000	0000	0
		__npowers_     		STRCODE        	1834	0000	53
		__initialization		CODE           	07E4	0000	26
		_spi_configuration		STRCODE        	18E4	0000	9
		_spiMaster     		STRCODE        	0000	0000	0

shared estimated size: 182

C:\Program Files (x86)\Microchip\xc8\v2.05\pic\sources\c90\common\sprcmul.c
		___flmul       		CODE           	0A58	0000	557

C:\Program Files (x86)\Microchip\xc8\v2.05\pic\sources\c90\common\sprcmul.c estimated size: 557

mcc_generated_files/mcc.c
		_OSCILLATOR_Initialize		CODE           	1D87	0000	8
		_SYSTEM_Initialize		CODE           	1D9C	0000	10

mcc_generated_files/mcc.c estimated size: 18

C:\Program Files (x86)\Microchip\xc8\v2.05\pic\sources\c90\common\sprcdiv.c
		___fldiv       		CODE           	1505	0000	379

C:\Program Files (x86)\Microchip\xc8\v2.05\pic\sources\c90\common\sprcdiv.c estimated size: 379

C:\Program Files (x86)\Microchip\xc8\v2.05\pic\sources\c90\common\flneg.c
		___flneg       		CODE           	1DA5	0000	10

C:\Program Files (x86)\Microchip\xc8\v2.05\pic\sources\c90\common\flneg.c estimated size: 10

C:\Program Files (x86)\Microchip\xc8\v2.05\pic\sources\c90\common\Umul8_16.c
		__Umul8_16     		CODE           	1E09	0000	32

C:\Program Files (x86)\Microchip\xc8\v2.05\pic\sources\c90\common\Umul8_16.c estimated size: 32

C:\Program Files (x86)\Microchip\xc8\v2.05\pic\sources\c90\common\xxtofl.c
		___xxtofl      		CODE           	1338	0000	151

C:\Program Files (x86)\Microchip\xc8\v2.05\pic\sources\c90\common\xxtofl.c estimated size: 151

mcc_generated_files/eusart.c
		_putch         		CODE           	1D95	0000	8
		_EUSART_Write  		CODE           	1D8E	0000	8
		_EUSART_Initialize		CODE           	1E28	0000	34
		_EUSART_SetFramingErrorHandler		CODE           	1D7A	0000	7
		_EUSART_SetErrorHandler		CODE           	1D74	0000	7
		_EUSART_SetOverrunErrorHandler		CODE           	1000	0000	7

mcc_generated_files/eusart.c estimated size: 71

C:\Program Files (x86)\Microchip\xc8\v2.05\pic\sources\c90\common\__lldiv.c
		___lldiv       		CODE           	106E	0000	83

C:\Program Files (x86)\Microchip\xc8\v2.05\pic\sources\c90\common\__lldiv.c estimated size: 83

main.c
		_main          		CODE           	080E	0000	105

main.c estimated size: 105

C:\Program Files (x86)\Microchip\xc8\v2.05\pic\sources\c90\common\fleq.c
		___fleq        		CODE           	0005	0000	73

C:\Program Files (x86)\Microchip\xc8\v2.05\pic\sources\c90\common\fleq.c estimated size: 73

C:\Program Files (x86)\Microchip\xc8\v2.05\pic\sources\c90\common\lwmod.c
		___lwmod       		CODE           	1E49	0000	45

C:\Program Files (x86)\Microchip\xc8\v2.05\pic\sources\c90\common\lwmod.c estimated size: 45

